// Jest Snapshot v1, https://goo.gl/fbAQLP

exports[`Component - Datefield can hide the picker 1`] = `" <div class=\\"MuiFormControl-root-2 MuiFormControl-fullWidth-5\\"><label class=\\"MuiFormLabel-root-11 MuiInputLabel-root-6 MuiInputLabel-formControl-7 MuiInputLabel-animated-10 MuiInputLabel-shrink-9\\" data-shrink=\\"true\\">foo</label><div class=\\"MuiInput-root-16 MuiInput-fullWidth-23 MuiInput-formControl-17 MuiInput-underline-20 WithUtils-DateTextField--input-1\\"><input type=\\"text\\" aria-invalid=\\"false\\" aria-required=\\"false\\" class=\\"MuiInput-input-24\\" placeholder=\\"TODAY\\" readonly=\\"\\" value=\\"05/25/2018\\"/></div></div> "`;

exports[`Component - Datefield can render a default value 1`] = `" <div class=\\"MuiFormControl-root-2 MuiFormControl-fullWidth-5\\"><label class=\\"MuiFormLabel-root-11 MuiInputLabel-root-6 MuiInputLabel-formControl-7 MuiInputLabel-animated-10 MuiInputLabel-shrink-9\\" data-shrink=\\"true\\">foo</label><div class=\\"MuiInput-root-16 MuiInput-fullWidth-23 MuiInput-formControl-17 MuiInput-underline-20 WithUtils-DateTextField--input-1\\"><input type=\\"text\\" aria-invalid=\\"false\\" aria-required=\\"false\\" class=\\"MuiInput-input-24\\" placeholder=\\"TODAY\\" readonly=\\"\\" value=\\"\\"/></div></div> "`;

exports[`Component - Datefield renders correctly 1`] = `" <div class=\\"MuiFormControl-root-2 MuiFormControl-fullWidth-5\\"><label class=\\"MuiFormLabel-root-11 MuiInputLabel-root-6 MuiInputLabel-formControl-7 MuiInputLabel-animated-10 MuiInputLabel-shrink-9\\" data-shrink=\\"true\\">foo</label><div class=\\"MuiInput-root-16 MuiInput-fullWidth-23 MuiInput-formControl-17 MuiInput-underline-20 WithUtils-DateTextField--input-1\\"><input type=\\"text\\" aria-invalid=\\"false\\" aria-required=\\"false\\" class=\\"MuiInput-input-24\\" placeholder=\\"TODAY\\"/><div class=\\"MuiInputAdornment-root-29 MuiInputAdornment-positionEnd-31\\"><button tabindex=\\"0\\" class=\\"MuiButtonBase-root-38 MuiIconButton-root-32\\" type=\\"button\\"><span class=\\"MuiIconButton-label-37\\"> <span class=\\"material-icons MuiIcon-root-41\\" aria-hidden=\\"true\\"> event </span> </span><span class=\\"MuiTouchRipple-root-47\\"></span></button></div></div></div> "`;
